gyrA	21	Glu -> Gln
gyrA	95	Ser -> Thr
gyrA	384	Ala -> Val
gyrA	668	Gly -> Asp
gyrB	291	Met -> Ile
mmpL5	794	Thr -> Ile
mmpL5	948	Ile -> Val
embR	110	Cys -> Tyr
embR	372	Cys -> Gly
embR	376	Phe -> Leu
katG	463	Arg -> Leu
ddlA	365	Thr -> Ala
gidB	92	Glu -> Asp
embA	913	Pro -> Ser
embB	378	Glu -> Ala
embC	270	Thr -> Ile
embC	394	Asn -> Asp
embC	738	Arg -> Gln
iniA	481	His -> Gln
oxyR	13	Leu -> Phe
oxyR-ahpC promoter region	-88	G -> A
rpoC	172	Ala -> Val
Rv1268c-embR promoter region	-207	C -> G
rpoB	2545	+CGAGGA
pncA	87	Thr -> Met
pncA promoter region	-33	G -> A
mmpL5	767	Asp -> Asn
embA	206	Val -> Met
embA	951	Glu -> Asp
embA	596	Gly -> Asp
embA	383	Pro -> Ser
embB	13	Asn -> Ser
embB	1082	Thr -> Ala
embC	774	Ala -> Ser
embC	981	Val -> Leu
embC	661	Leu -> Ile
embR	110	Cys -> Tyr
embR	217	Leu -> Val
ethA	266	Ser -> Arg
ethA	337	Ile -> Val
gyrB	403	Ala -> Ser
ahpC	44	Pro -> Arg
furA	14	Ala -> Val
furA	43	Ala -> Val
iniA	88	Asn -> Ser
iniB	182	Ala -> Val
iniB	644	-ValglyAlaGly
iniB	70	Ala -> Thr
kasA	269	Gly -> Ser
kasA	312	Gly -> Ser
ndh	284	Arg -> Trp
ndh	313	Gly -> Arg
thyA	202	Thr -> Ala
clpC1	796	Pro -> Leu
clpC1	326	Asp -> Asn
rpsA	123	Asp -> Ala
rpsA	432	Met -> Thr
rpsA	472	Ala -> Thr
rpsA	440	Ala -> Thr
rpoB	692	Ala -> Thr
rpoB	695	Val -> Leu
rpoB	388	Ser -> Leu
rpoB	639	Gln -> Asp
rpoA	319	Glu -> Lys
rpoA	80	Leu -> Val
rpoC	69	Arg -> Pro
rpoC	1092	Glu -> Asp
rpoC	621	Ala -> Thr
rpoC	594	Gly  -> Glu
gidB	16	Leu -> Arg
rrs	491	C -> T
katG	6	Pro -> Ser